// Vitest Snapshot v1, https://vitest.dev/guide/snapshot.html

exports[`Blocks class > should create a blocks section 1`] = `
"0
SECTION
2
BLOCKS
0
BLOCK
5
13
330
12
100
AcDbEntity
8
0
100
AcDbBlockBegin
2
*Model_Space
70
0
10
0
20
0
30
0
3
*Model_Space
1

0
ENDBLK
5
14
330
12
100
AcDbEntity
8
0
100
AcDbBlockEnd
0
BLOCK
5
16
330
15
100
AcDbEntity
8
0
100
AcDbBlockBegin
2
*Paper_Space
70
0
10
0
20
0
30
0
3
*Paper_Space
1

0
ENDBLK
5
17
330
15
100
AcDbEntity
8
0
100
AcDbBlockEnd
0
ENDSEC"
`;
