// Vitest Snapshot v1, https://vitest.dev/guide/snapshot.html

exports[`Block class > should create an empty block 1`] = `
"0
BLOCK
5
2
330
0
100
AcDbEntity
8
0
100
AcDbBlockBegin
2
*Model_Space
70
0
10
0
20
0
30
0
3
*Model_Space
1

0
ENDBLK
5
3
330
0
100
AcDbEntity
8
0
100
AcDbBlockEnd"
`;

exports[`Block class > should create an empty block 2`] = `
"0
BLOCK
5
2
330
0
100
AcDbEntity
8
0
100
AcDbBlockBegin
2
*Model_Space
70
0
10
0
20
0
30
0
3
*Model_Space
1

0
ENDBLK
5
3
330
0
100
AcDbEntity
8
0
100
AcDbBlockEnd"
`;
